2026-09-23T03:40:21.617520Z  INFO herdr::api::server: api server listening path=/home/popo/.config/herdr/herdr.sock
2026-09-23T03:40:21.618322Z  INFO herdr::logging: spawning pane terminal event="pane.spawn.start" subsystem="pane" outcome="started" pane_id=1 rows=24 cols=80 scrollback_limit_bytes=10000000
2026-09-23T03:40:21.619387Z  INFO herdr::logging: pane child spawned event="pane.spawned" subsystem="pane" outcome="ok" pane_id=1 pid=5428
2026-09-23T03:40:21.619755Z  INFO herdr::logging: session restore evaluated event="persist.restore" subsystem="persist" outcome="ok" workspaces=1
2026-09-23T03:40:21.619776Z  INFO herdr::app: using pane scrollback configuration pane_scrollback_limit_bytes=10000000
2026-09-23T03:40:21.683343Z  INFO herdr::logging: checking for updates event="update.check.start" subsystem="update" outcome="started"
2026-09-23T03:40:21.683527Z  INFO herdr::server::headless::bootstrap: restored session already has workspaces; ignoring startup cwd cwd=/home/popo
2026-09-23T03:40:21.683620Z  INFO herdr::server::headless: client protocol socket listening path=/home/popo/.config/herdr/herdr-client.sock
2026-09-23T03:40:21.683655Z  INFO herdr::server::headless::bootstrap: herdr server started api_socket=/home/popo/.config/herdr/herdr.sock client_socket=/home/popo/.config/herdr/herdr-client.sock
2026-09-23T03:40:21.683750Z  INFO herdr::logging: herdr starting event="app.startup" subsystem="server" outcome="started" pid=5422
2026-09-23T03:40:21.761380Z  WARN herdr::detect::manifest_update: skipping unknown remote manifest agent agent="letta"
2026-09-23T03:40:21.771550Z  INFO herdr::server::headless: client connected client_id=2 cols=107 rows=44 cell_width_px=7 cell_height_px=22 surface_active=true render_encoding=SemanticFrame
2026-09-23T03:40:21.782538Z  INFO herdr::logging: update available event="update.available" subsystem="update" outcome="ok" version="0.9.1"
2026-09-23T03:40:21.782567Z  INFO herdr::update: new stable build available at https://github.com/herdrdev/herdr/releases/download/v0.9.1/herdr-linux-x86_64
2026-09-23T03:40:21.782713Z  INFO herdr::update: auto-update check: 0.9.1 available, waiting for explicit install
2026-09-23T03:42:27.830200Z  INFO herdr::logging: workspace closed event="workspace.close" subsystem="workspace" outcome="ok" workspace_id="w2"
2026-09-23T03:42:27.832068Z  INFO herdr::logging: pane child exited event="pane.exit" subsystem="pane" outcome="completed" pane_id=1 status="ExitStatus { code: 1, signal: None }"
2026-09-23T03:42:27.834298Z  INFO herdr::pane: pane session terminated pane=1 pid=5428 signal=Hangup
2026-09-23T03:42:27.834906Z  INFO herdr::logging: spawning pane terminal event="pane.spawn.start" subsystem="pane" outcome="started" pane_id=2 rows=44 cols=107 scrollback_limit_bytes=10000000
2026-09-23T03:42:27.836407Z  INFO herdr::logging: pane child spawned event="pane.spawned" subsystem="pane" outcome="ok" pane_id=2 pid=5699
2026-09-23T03:42:27.836874Z  INFO herdr::logging: workspace created event="workspace.create" subsystem="workspace" outcome="ok" workspace_id="w3" pane_id=2
2026-09-23T03:42:27.836903Z  INFO herdr::logging: workspace focused event="workspace.focus" subsystem="workspace" outcome="ok" workspace_id="w3"
2026-09-23T03:42:27.836918Z  INFO herdr::logging: tab focused event="tab.focus" subsystem="tab" outcome="ok" workspace_id="w3" tab_id="w3:t1"
2026-09-23T03:42:27.840163Z  WARN herdr::app::actions: PaneDied for unknown pane pane=1
2026-09-23T03:42:32.842165Z  INFO herdr::logging: session saved event="persist.save" subsystem="persist" outcome="ok" path=/home/popo/.config/herdr/session.json workspaces=1
2026-09-23T03:42:34.665151Z  INFO herdr::server::headless: client detached client_id=2
2026-09-23T03:42:36.675096Z  INFO herdr::server::headless: client connected client_id=4 cols=107 rows=44 cell_width_px=7 cell_height_px=22 surface_active=true render_encoding=SemanticFrame
